// Jest Snapshot v1, https://goo.gl/fbAQLP

exports[`Test to see if title is rendering 1`] = `
Array [
  <View
    style={
      Object {
        "alignItems": "center",
        "flexDirection": "row",
        "marginHorizontal": 20,
        "marginTop": 10,
      }
    }
  >
    <AView
      style={
        Object {
          "flex": 1,
        }
      }
    >
      <Text
        style={
          Object {
            "color": "white",
            "fontFamily": "TitilliumWeb-Light",
            "fontSize": 20,
          }
        }
      >
        title for testing
      </Text>
    </AView>
    <View
      accessibilityState={
        Object {
          "disabled": false,
        }
      }
      accessible={true}
      collapsable={false}
      focusable={true}
      onClick={[Function]}
      onResponderGrant={[Function]}
      onResponderMove={[Function]}
      onResponderRelease={[Function]}
      onResponderTerminate={[Function]}
      onResponderTerminationRequest={[Function]}
      onStartShouldSetResponder={[Function]}
      style={
        Object {
          "marginLeft": 10,
          "opacity": 1,
          "paddingVertical": 4,
        }
      }
      testID="searchToggleButton"
    >
      <Image
        resizeMode="contain"
        source={
          Object {
            "testUri": "../../../src/assets/images/search.png",
          }
        }
        style={
          Object {
            "height": 20,
            "width": 20,
          }
        }
      />
    </View>
  </View>,
  <LinearGradient
    colors={
      Array [
        "rgba(32,33,36,1)",
        "rgba(32,33,36,0)",
      ]
    }
    end={
      Object {
        "x": 0,
        "y": 1,
      }
    }
    locations={
      Array [
        0,
        1,
      ]
    }
    start={
      Object {
        "x": 0,
        "y": 0,
      }
    }
    style={
      Object {
        "height": 20,
        "zIndex": 2,
      }
    }
  />,
]
`;
